<?xml version="1.0" encoding="UTF-8"?>
<testsuites name="jest tests" tests="5" failures="1" time="2.435">
  <testsuite name="Contacts APP" errors="0" failures="1" skipped="0" timestamp="2020-06-11T18:28:52" time="2.006" tests="5">
    <testcase classname="Contacts APP Should render APP" name="Contacts APP Should render APP" time="0.057">
    </testcase>
    <testcase classname="Contacts APP Should render Contact component" name="Contacts APP Should render Contact component" time="0.012">
      <failure>Error: expect(element).toHaveTextContent()

Expected element to have text content:
  08/04/2019
Received:
  04/08/2019
    at Object.it (/home/renato/codenation/react-14/src/__tests__/submit.test.js:49:18)
    at Object.asyncJestTest (/home/renato/codenation/react-14/node_modules/jest-jasmine2/build/jasmineAsyncInstall.js:102:37)
    at resolve (/home/renato/codenation/react-14/node_modules/jest-jasmine2/build/queueRunner.js:43:12)
    at new Promise (&lt;anonymous&gt;)
    at mapper (/home/renato/codenation/react-14/node_modules/jest-jasmine2/build/queueRunner.js:26:19)
    at promise.then (/home/renato/codenation/react-14/node_modules/jest-jasmine2/build/queueRunner.js:73:41)
    at process._tickCallback (internal/process/next_tick.js:68:7)</failure>
    </testcase>
    <testcase classname="Contacts APP Should render Contacts component" name="Contacts APP Should render Contacts component" time="0.003">
    </testcase>
    <testcase classname="Contacts APP Should render Filters component" name="Contacts APP Should render Filters component" time="0.003">
    </testcase>
    <testcase classname="Contacts APP Should render Topbar component" name="Contacts APP Should render Topbar component" time="0.002">
    </testcase>
  </testsuite>
</testsuites>